2026-08-14 09:15:31,593 Loading pretrained weights from Hugging Face hub (timm/mobilenetv4_hybrid_medium.ix_e550_r384_in1k)
2026-08-14 09:15:31,768 HTTP Request: HEAD https://huggingface.co/timm/mobilenetv4_hybrid_medium.ix_e550_r384_in1k/resolve/main/model.safetensors "HTTP/1.1 302 Found"
2026-08-14 09:15:31,769 Warning: You are sending unauthenticated requests to the HF Hub. Please set a HF_TOKEN to enable higher rate limits and faster downloads.
2026-08-14 09:15:31,778 [timm/mobilenetv4_hybrid_medium.ix_e550_r384_in1k] Safe alternative available for 'pytorch_model.bin' (as 'model.safetensors'). Loading weights using safetensors.
2026-08-14 09:15:31,902 Missing keys (classifier.weight, classifier.bias) discovered while loading pretrained weights. This is expected if model is being adapted.
2026-08-14 09:15:31,911 === ARM mnv4_hybrid_medium seed 0 round 1 ===
2026-08-14 09:15:31,911   backbone mobilenetv4_hybrid_medium.ix_e550_r384_in1k  (9.80M params)  device cuda
2026-08-14 09:15:31,911   23 behavioural keys inherited unchanged from v11: ['amp', 'backbone_lr', 'batch_size', 'beta_biased', 'black_thresh', 'class_balance', 'drop_path_rate', 'drop_rate', 'epochs', 'eval_split_is_val', 'geometry', 'grad_clip', 'head_lr', 'interpolation', 'no_jpeg_aug', 'num_classes', 'num_workers', 'patience', 'sampler', 'src_dims', 'target', 'target_dims', 'weight_decay']
2026-08-14 09:15:31,911   deploy geometry FROZEN: stretch / bicubic -> [384, 224];  arm normalization mean=(0.485, 0.456, 0.406)
2026-08-14 09:15:46,743   loaded 11303 locations x 32 tiles in 15s
2026-08-14 09:15:46,745   train 8443 {1: 3862, 2: 2503, 3: 1564, 4: 514}   selection 670 (census+floor, frozen)   other eval 2190 (unseen)
2026-08-14 09:15:46,758 === TRAIN 8443 loc/epoch, batch 32, 40 epochs (patience 40) ===
2026-08-14 09:15:46,924 Loading pretrained weights from Hugging Face hub (timm/mobilenetv4_hybrid_medium.ix_e550_r384_in1k)
2026-08-14 09:15:47,043 HTTP Request: HEAD https://huggingface.co/timm/mobilenetv4_hybrid_medium.ix_e550_r384_in1k/resolve/main/model.safetensors "HTTP/1.1 302 Found"
2026-08-14 09:15:47,045 [timm/mobilenetv4_hybrid_medium.ix_e550_r384_in1k] Safe alternative available for 'pytorch_model.bin' (as 'model.safetensors'). Loading weights using safetensors.
2026-08-14 09:15:47,092 Missing keys (classifier.weight, classifier.bias) discovered while loading pretrained weights. This is expected if model is being adapted.
2026-08-14 09:17:13,618   epoch  0  loss 0.8224  AP>=2 0.7625  AP>=3 0.5154  AP>=4 0.1992  (86.4s)
2026-08-14 09:18:39,771   epoch  1  loss 0.6156  AP>=2 0.8378  AP>=3 0.6258  AP>=4 0.4213  (85.7s)
2026-08-14 09:20:05,306   epoch  2  loss 0.5589  AP>=2 0.8065  AP>=3 0.6142  AP>=4 0.2784  (85.1s)
2026-08-14 09:21:30,113   epoch  3  loss 0.5018  AP>=2 0.7947  AP>=3 0.5531  AP>=4 0.2854  (84.5s)
2026-08-14 09:22:55,006   epoch  4  loss 0.4693  AP>=2 0.8195  AP>=3 0.5983  AP>=4 0.2868  (84.6s)
2026-08-14 09:24:19,501   epoch  5  loss 0.4303  AP>=2 0.7897  AP>=3 0.6538  AP>=4 0.4234  (84.1s)
2026-08-14 09:25:44,452   epoch  6  loss 0.4250  AP>=2 0.7989  AP>=3 0.5520  AP>=4 0.5026  (84.6s)
2026-08-14 09:27:09,418   epoch  7  loss 0.4101  AP>=2 0.8124  AP>=3 0.6045  AP>=4 0.2974  (84.6s)
2026-08-14 09:28:34,188   epoch  8  loss 0.4129  AP>=2 0.8146  AP>=3 0.6505  AP>=4 0.1422  (84.4s)
2026-08-14 09:29:58,988   epoch  9  loss 0.4019  AP>=2 0.8248  AP>=3 0.5780  AP>=4 0.1200  (84.4s)
2026-08-14 09:31:23,847   epoch 10  loss 0.3698  AP>=2 0.8334  AP>=3 0.6094  AP>=4 0.0387  (84.5s)
2026-08-14 09:32:48,302   epoch 11  loss 0.3762  AP>=2 0.8289  AP>=3 0.5591  AP>=4 0.2164  (84.1s)
2026-08-14 09:34:12,807   epoch 12  loss 0.3493  AP>=2 0.8246  AP>=3 0.5716  AP>=4 0.3277  (84.2s)
2026-08-14 09:35:37,996   epoch 13  loss 0.3505  AP>=2 0.8270  AP>=3 0.5007  AP>=4 0.1982  (84.8s)
2026-08-14 09:37:04,264   epoch 14  loss 0.3387  AP>=2 0.8327  AP>=3 0.6601  AP>=4 0.2468  (85.9s)
2026-08-14 09:38:28,987   epoch 15  loss 0.3284  AP>=2 0.8296  AP>=3 0.5938  AP>=4 0.1613  (84.4s)
2026-08-14 09:39:54,256   epoch 16  loss 0.3189  AP>=2 0.8204  AP>=3 0.6432  AP>=4 0.1791  (84.9s)
2026-08-14 09:41:19,216   epoch 17  loss 0.3129  AP>=2 0.8208  AP>=3 0.6306  AP>=4 0.1371  (84.6s)
2026-08-14 09:42:44,847   epoch 18  loss 0.2946  AP>=2 0.8153  AP>=3 0.6203  AP>=4 0.2249  (85.3s)
2026-08-14 09:44:11,097   epoch 19  loss 0.2903  AP>=2 0.8244  AP>=3 0.6243  AP>=4 0.2825  (85.9s)
2026-08-14 09:45:36,270   epoch 20  loss 0.2828  AP>=2 0.8252  AP>=3 0.6234  AP>=4 0.2311  (84.8s)
2026-08-14 09:47:01,130   epoch 21  loss 0.2705  AP>=2 0.8361  AP>=3 0.5869  AP>=4 0.1696  (84.5s)
2026-08-14 09:48:26,190   epoch 22  loss 0.2671  AP>=2 0.8326  AP>=3 0.5976  AP>=4 0.2015  (84.7s)
2026-08-14 09:49:51,215   epoch 23  loss 0.2554  AP>=2 0.8342  AP>=3 0.5628  AP>=4 0.2570  (84.7s)
2026-08-14 09:51:15,977   epoch 24  loss 0.2599  AP>=2 0.8243  AP>=3 0.6166  AP>=4 0.2688  (84.4s)
2026-08-14 09:52:41,323   epoch 25  loss 0.2538  AP>=2 0.8389  AP>=3 0.6207  AP>=4 0.2255  (85.0s)
2026-08-14 09:54:07,040   epoch 26  loss 0.2368  AP>=2 0.8326  AP>=3 0.6387  AP>=4 0.2156  (85.3s)
2026-08-14 09:55:34,755   epoch 27  loss 0.2474  AP>=2 0.8327  AP>=3 0.6349  AP>=4 0.2303  (87.4s)
2026-08-14 09:57:02,560   epoch 28  loss 0.2310  AP>=2 0.8397  AP>=3 0.6042  AP>=4 0.2206  (87.4s)
2026-08-14 09:58:29,098   epoch 29  loss 0.2449  AP>=2 0.8395  AP>=3 0.6225  AP>=4 0.1751  (86.1s)
2026-08-14 09:59:55,807   epoch 30  loss 0.2357  AP>=2 0.8311  AP>=3 0.5987  AP>=4 0.1938  (86.4s)
2026-08-14 10:01:21,264   epoch 31  loss 0.2219  AP>=2 0.8367  AP>=3 0.6288  AP>=4 0.2402  (85.1s)
2026-08-14 10:02:46,004   epoch 32  loss 0.2328  AP>=2 0.8378  AP>=3 0.6161  AP>=4 0.2241  (84.4s)
2026-08-14 10:04:12,190   epoch 33  loss 0.2224  AP>=2 0.8325  AP>=3 0.6139  AP>=4 0.2466  (85.8s)
2026-08-14 10:05:37,699   epoch 34  loss 0.2217  AP>=2 0.8325  AP>=3 0.6131  AP>=4 0.2323  (85.2s)
2026-08-14 10:07:03,286   epoch 35  loss 0.2230  AP>=2 0.8284  AP>=3 0.6171  AP>=4 0.2422  (85.2s)
2026-08-14 10:08:30,999   epoch 36  loss 0.2365  AP>=2 0.8287  AP>=3 0.6145  AP>=4 0.2170  (87.4s)
2026-08-14 10:09:58,159   epoch 37  loss 0.2348  AP>=2 0.8331  AP>=3 0.6212  AP>=4 0.2423  (86.8s)
2026-08-14 10:11:23,570   epoch 38  loss 0.2469  AP>=2 0.8311  AP>=3 0.6196  AP>=4 0.2546  (85.1s)
2026-08-14 10:12:49,140   epoch 39  loss 0.2369  AP>=2 0.8322  AP>=3 0.6215  AP>=4 0.2379  (85.2s)
2026-08-14 10:12:50,254 === best epoch 28: val not-bad AP 0.8397 (train wall 3423s = 0.95h) ===
2026-08-14 10:12:50,260 DONE — record C:\Code\fractal-maker\data\backbone_search\records\mnv4_hybrid_medium\s0, weights C:\Code\fractal-maker-artifacts\data\backbone_search\arms\mnv4_hybrid_medium\s0. Nothing is pinned; ACTIVE_CKPT untouched.
