2026-08-14 08:23:34,211 Loading pretrained weights from Hugging Face hub (timm/mobilenetv4_conv_medium.e250_r384_in12k)
2026-08-14 08:23:34,350 HTTP Request: HEAD https://huggingface.co/timm/mobilenetv4_conv_medium.e250_r384_in12k/resolve/main/model.safetensors "HTTP/1.1 302 Found"
2026-08-14 08:23:34,351 Warning: You are sending unauthenticated requests to the HF Hub. Please set a HF_TOKEN to enable higher rate limits and faster downloads.
2026-08-14 08:23:34,352 [timm/mobilenetv4_conv_medium.e250_r384_in12k] Safe alternative available for 'pytorch_model.bin' (as 'model.safetensors'). Loading weights using safetensors.
2026-08-14 08:23:34,390 Missing keys (classifier.weight, classifier.bias) discovered while loading pretrained weights. This is expected if model is being adapted.
2026-08-14 08:23:34,397 === ARM mnv4_conv_medium seed 0 round 1 ===
2026-08-14 08:23:34,397   backbone mobilenetv4_conv_medium.e250_r384_in12k  (8.44M params)  device cuda
2026-08-14 08:23:34,397   23 behavioural keys inherited unchanged from v11: ['amp', 'backbone_lr', 'batch_size', 'beta_biased', 'black_thresh', 'class_balance', 'drop_path_rate', 'drop_rate', 'epochs', 'eval_split_is_val', 'geometry', 'grad_clip', 'head_lr', 'interpolation', 'no_jpeg_aug', 'num_classes', 'num_workers', 'patience', 'sampler', 'src_dims', 'target', 'target_dims', 'weight_decay']
2026-08-14 08:23:34,397   deploy geometry FROZEN: stretch / bicubic -> [384, 224];  arm normalization mean=(0.485, 0.456, 0.406)
2026-08-14 08:23:48,835   loaded 11303 locations x 32 tiles in 14s
2026-08-14 08:23:48,838   train 8443 {1: 3862, 2: 2503, 3: 1564, 4: 514}   selection 670 (census+floor, frozen)   other eval 2190 (unseen)
2026-08-14 08:23:48,851 === TRAIN 8443 loc/epoch, batch 32, 40 epochs (patience 40) ===
2026-08-14 08:23:48,967 Loading pretrained weights from Hugging Face hub (timm/mobilenetv4_conv_medium.e250_r384_in12k)
2026-08-14 08:23:49,178 HTTP Request: HEAD https://huggingface.co/timm/mobilenetv4_conv_medium.e250_r384_in12k/resolve/main/model.safetensors "HTTP/1.1 302 Found"
2026-08-14 08:23:49,181 [timm/mobilenetv4_conv_medium.e250_r384_in12k] Safe alternative available for 'pytorch_model.bin' (as 'model.safetensors'). Loading weights using safetensors.
2026-08-14 08:23:49,215 Missing keys (classifier.weight, classifier.bias) discovered while loading pretrained weights. This is expected if model is being adapted.
2026-08-14 08:25:04,738   epoch  0  loss 1.8244  AP>=2 0.4255  AP>=3 0.4429  AP>=4 0.1496  (75.4s)
2026-08-14 08:26:20,617   epoch  1  loss 1.2914  AP>=2 0.7447  AP>=3 0.3075  AP>=4 0.1535  (75.6s)
2026-08-14 08:27:37,654   epoch  2  loss 1.4441  AP>=2 0.3398  AP>=3 0.3754  AP>=4 0.1422  (76.7s)
2026-08-14 08:28:56,520   epoch  3  loss 1.1782  AP>=2 0.3967  AP>=3 0.1079  AP>=4 0.0220  (78.6s)
2026-08-14 08:30:13,975   epoch  4  loss 1.2402  AP>=2 0.7111  AP>=3 0.3775  AP>=4 0.1406  (77.2s)
2026-08-14 08:31:31,391   epoch  5  loss 1.5910  AP>=2 0.5957  AP>=3 0.4672  AP>=4 0.1857  (77.1s)
2026-08-14 08:32:49,663   epoch  6  loss 1.1622  AP>=2 0.7572  AP>=3 0.0786  AP>=4 0.2390  (78.0s)
2026-08-14 08:34:06,512   epoch  7  loss 0.8880  AP>=2 0.4280  AP>=3 0.5008  AP>=4 0.0814  (76.5s)
2026-08-14 08:35:23,437   epoch  8  loss 0.8636  AP>=2 0.3486  AP>=3 0.0809  AP>=4 0.2131  (76.6s)
2026-08-14 08:36:39,912   epoch  9  loss 0.8528  AP>=2 0.8153  AP>=3 0.5434  AP>=4 0.2530  (76.2s)
2026-08-14 08:37:57,401   epoch 10  loss 0.7160  AP>=2 0.7973  AP>=3 0.4994  AP>=4 0.2616  (77.2s)
2026-08-14 08:39:14,388   epoch 11  loss 0.6485  AP>=2 0.8092  AP>=3 0.5020  AP>=4 0.2411  (76.7s)
2026-08-14 08:40:31,056   epoch 12  loss 0.7820  AP>=2 0.7980  AP>=3 0.4013  AP>=4 0.0789  (76.4s)
2026-08-14 08:41:48,188   epoch 13  loss 0.7051  AP>=2 0.8134  AP>=3 0.4224  AP>=4 0.1972  (76.9s)
2026-08-14 08:43:05,079   epoch 14  loss 0.6577  AP>=2 0.8129  AP>=3 0.5650  AP>=4 0.2007  (76.6s)
2026-08-14 08:44:21,702   epoch 15  loss 0.5991  AP>=2 0.8150  AP>=3 0.5632  AP>=4 0.2248  (76.3s)
2026-08-14 08:45:37,934   epoch 16  loss 0.5379  AP>=2 0.8012  AP>=3 0.5639  AP>=4 0.2726  (76.0s)
2026-08-14 08:46:54,082   epoch 17  loss 0.4980  AP>=2 0.8166  AP>=3 0.5307  AP>=4 0.1891  (75.9s)
2026-08-14 08:48:10,379   epoch 18  loss 0.4837  AP>=2 0.7988  AP>=3 0.5561  AP>=4 0.2454  (76.0s)
2026-08-14 08:49:26,478   epoch 19  loss 0.4978  AP>=2 0.8297  AP>=3 0.6223  AP>=4 0.2381  (75.8s)
2026-08-14 08:50:42,738   epoch 20  loss 0.4261  AP>=2 0.8236  AP>=3 0.5974  AP>=4 0.1333  (75.9s)
2026-08-14 08:51:58,884   epoch 21  loss 0.4423  AP>=2 0.8209  AP>=3 0.6097  AP>=4 0.0874  (75.9s)
2026-08-14 08:53:20,469   epoch 22  loss 0.4754  AP>=2 0.8235  AP>=3 0.6107  AP>=4 0.2361  (81.3s)
2026-08-14 08:54:38,691   epoch 23  loss 0.4679  AP>=2 0.8061  AP>=3 0.6744  AP>=4 0.1742  (78.0s)
2026-08-14 08:55:57,082   epoch 24  loss 0.4353  AP>=2 0.8213  AP>=3 0.6239  AP>=4 0.2294  (78.1s)
2026-08-14 08:57:16,618   epoch 25  loss 0.4367  AP>=2 0.8249  AP>=3 0.6317  AP>=4 0.1962  (79.2s)
2026-08-14 08:58:35,446   epoch 26  loss 0.3924  AP>=2 0.8187  AP>=3 0.6060  AP>=4 0.2103  (78.5s)
2026-08-14 08:59:53,874   epoch 27  loss 0.4221  AP>=2 0.8278  AP>=3 0.6231  AP>=4 0.2987  (78.1s)
2026-08-14 09:01:11,267   epoch 28  loss 0.4043  AP>=2 0.8358  AP>=3 0.6799  AP>=4 0.2742  (77.1s)
2026-08-14 09:02:29,040   epoch 29  loss 0.3908  AP>=2 0.8188  AP>=3 0.6182  AP>=4 0.2211  (77.5s)
2026-08-14 09:03:46,612   epoch 30  loss 0.4060  AP>=2 0.8258  AP>=3 0.6467  AP>=4 0.2974  (77.3s)
2026-08-14 09:05:04,255   epoch 31  loss 0.3863  AP>=2 0.8274  AP>=3 0.6403  AP>=4 0.2936  (77.4s)
2026-08-14 09:06:21,689   epoch 32  loss 0.3992  AP>=2 0.8317  AP>=3 0.6257  AP>=4 0.2341  (77.2s)
2026-08-14 09:07:39,121   epoch 33  loss 0.3892  AP>=2 0.8339  AP>=3 0.6269  AP>=4 0.2420  (77.2s)
2026-08-14 09:08:56,520   epoch 34  loss 0.4015  AP>=2 0.8347  AP>=3 0.6360  AP>=4 0.2539  (77.1s)
2026-08-14 09:10:13,991   epoch 35  loss 0.4077  AP>=2 0.8360  AP>=3 0.6395  AP>=4 0.2709  (77.2s)
2026-08-14 09:11:31,800   epoch 36  loss 0.3775  AP>=2 0.8324  AP>=3 0.6308  AP>=4 0.2678  (77.5s)
2026-08-14 09:12:49,343   epoch 37  loss 0.4217  AP>=2 0.8315  AP>=3 0.6293  AP>=4 0.2793  (77.3s)
2026-08-14 09:14:06,478   epoch 38  loss 0.4045  AP>=2 0.8313  AP>=3 0.6312  AP>=4 0.2761  (76.9s)
2026-08-14 09:15:23,692   epoch 39  loss 0.3953  AP>=2 0.8312  AP>=3 0.6286  AP>=4 0.2749  (76.9s)
2026-08-14 09:15:25,002 === best epoch 35: val not-bad AP 0.8360 (train wall 3096s = 0.86h) ===
2026-08-14 09:15:25,010 DONE — record C:\Code\fractal-maker\data\backbone_search\records\mnv4_conv_medium\s0, weights C:\Code\fractal-maker-artifacts\data\backbone_search\arms\mnv4_conv_medium\s0. Nothing is pinned; ACTIVE_CKPT untouched.
